####################################################
Job id         : 2418
Job name       : test_clj
Workdir        : /home/goerz/cjtest
Submission Host: bigboy
Compute Node   : bigboy
Job started on bigboy Mon Feb 29 13:40:11 PST 2016
Current directory: /home/goerz/cjtest
####################################################
Job Finished:  Mon Feb 29 13:41:11 PST 2016
